// Jest Snapshot v1, https://goo.gl/fbAQLP

exports[`Navbar Renders the navbar correctly 1`] = `
<DocumentFragment>
  <header
    class="sc-bdvvaa cqNbLe"
  >
    <div
      class="sc-gsDJrp dmkRxm branding"
    >
      <img
        alt="Surreal Estate logo"
        class="sc-dkPtyc dXKpfu logo"
        src="./surreal-logo.png"
        width="90"
      />
      <h1
        class="sc-hKwCoD iVKNRI"
      >
        Surreal
        <span>
          Estate
        </span>
      </h1>
    </div>
    <nav
      class="sc-eCImvq jbzXgP"
    >
      <ul
        class="sc-jRQAMF dQiAco"
      >
        <li
          class="sc-gKckTs llrDbz"
        >
          <a
            href="/"
          >
            View Properties
          </a>
        </li>
        <li
          class="sc-gKckTs llrDbz"
        >
          <a
            href="/add-property"
          >
            Add a Property
          </a>
        </li>
      </ul>
    </nav>
  </header>
</DocumentFragment>
`;
